C:\Users\saiv0001\Documents\NetBeansProjects\library\src\main\java\com\edufect\beans\BookA.java
C:\Users\saiv0001\Documents\NetBeansProjects\library\src\main\java\com\edufect\beans\ReturnBook.java
C:\Users\saiv0001\Documents\NetBeansProjects\library\src\main\java\com\edufect\beans\Genre.java
C:\Users\saiv0001\Documents\NetBeansProjects\library\src\main\java\com\edufect\beans\IssuedBookA.java
C:\Users\saiv0001\Documents\NetBeansProjects\library\src\main\java\com\edufect\beans\searchstring.java
C:\Users\saiv0001\Documents\NetBeansProjects\library\src\main\java\com\edufect\controller\controllerA.java
C:\Users\saiv0001\Documents\NetBeansProjects\library\src\main\java\com\edufect\DAO\DAO.java
C:\Users\saiv0001\Documents\NetBeansProjects\library\src\main\java\com\edufect\library\ServletInitializer.java
C:\Users\saiv0001\Documents\NetBeansProjects\library\src\main\java\com\edufect\beans\Authors.java
C:\Users\saiv0001\Documents\NetBeansProjects\library\src\main\java\com\edufect\beans\Issuers.java
C:\Users\saiv0001\Documents\NetBeansProjects\library\src\main\java\com\edufect\library\libraryApplication.java
